// Vitest Snapshot v1, https://vitest.dev/guide/snapshot.html

exports[`experiments > sorting by a column and opening a row 1`] = `
section aria-labelledby="experiment-row"
  div
    p "K0 · K1"
    h4 id="experiment-row" "K0 공백 분리 · 키워드"
  div
    div
      div
        h5
          "놓친 질문 "
          span "1"
          "건"
        label
          span "범위"
          select
            option value="dev"
              "개발 질문 · 자기 문서"
              " · "
              "1"
              "건"
            option value="whole"
              "전체 문서"
              " · "
              "1"
              "건"
      ul
        li
          p "하자보수 기간은?"
          p
            span
              "치명"
              " · "
            "근거 불완전 · 상위 5 밖 · 조건 1개 잘림 · nDCG 0.50"
            " · 빠진 근거 g1"
    form
      h5 "이 행으로 서비스 전환"
      p "다음 질문부터 이 설정으로 검색합니다. 로그인한 계정 이름으로 기록되며, 이전 설정은 활성화 기록에 남아 언제든 되돌릴 수 있습니다."
      div
        label for="activate-note" "메모 (선택)"
        textarea id="activate-note" rows="3"
      button data-variant="default" type="submit" "서비스 전환"
  details
    summary
      span aria-hidden="true" "›"
      "모델과 실행 정보"
    dl
      div
        dt "라이선스"
        dd "MIT"
      div
        dt "가중치 크기"
        dd "2.00GB"
      div
        dt "실행"
        dd "R-0"
`;

exports[`experiments > the matrix as it opens 1`] = `
section aria-label="K0 · K1 비교표"
  div
    p
      "가장 높은 "
      "nDCG@5"
    p "0.830"
    p
      "K1 Kiwi 형태소 · 하이브리드"
      span " · 지금 서비스 중"
  p
    "검증되지 않은 비교입니다. 다시 읽은 원문의 추출본이 바뀌어, 서비스 중인 색인 행이 채점한 질문 "
    "1"
    "개가 새 색인 행에서 빠졌습니다. 근거를 다시 검토해야 새 색인 행을 믿을 수 있습니다: "
    "q7"
  div
    table
      caption
        "K0 · K1"
        " 비교. 열 제목을 누르면 정렬되고, 행을 누르면 실패한 질문과 활성화가 열립니다."
      thead
        tr
          th scope="col" "행"
          th scope="col"
            button type="button"
              "nDCG@5"
              span aria-hidden="true"
          th scope="col"
            button type="button"
              "근거 완전"
              span aria-hidden="true"
          th scope="col"
            button type="button"
              "검색 p95"
              span aria-hidden="true"
          th scope="col"
            button type="button"
              "비용"
              span aria-hidden="true"
      tbody
        tr
          th scope="row"
            button type="button" aria-expanded="false" "K0 공백 분리 · 키워드"
          td "0.610"
          td "40.0%"
          td
            "80.0ms"
            span " (최고)"
          td "무료"
        tr
          th scope="row"
            button type="button" aria-expanded="false"
              "K1 Kiwi 형태소 · 하이브리드"
              span "서비스 중"
          td
            "0.830"
            span " (최고)"
          td
            "55.0%"
            span " (최고)"
          td "140ms"
          td "$0.0123"
        tr
          th scope="row"
            button type="button" aria-expanded="false" "K1 Kiwi 형태소 · 밀집만"
          td colspan="4"
            span "비용 승인 대기"
            " · 최대 $0.0420, 120,000 토큰"
            " · 승인 필요"
  p
    "굵은 파란 값이 열마다 가장 좋은 값입니다. 절반이 넘는 행이 같은 값이면 표시하지 않습니다. 개발 질문은 자기 문서 안에서, 전체 문서 열은 개발 질문과 바늘 질문을 모든 문서에서 검색한 결과입니다. 고정값: "
    "임베딩 m3, 융합 keyword_first:60"
    "."
    " 융합이 BM25 상위 6개를 제자리에 두므로 하이브리드와 상위 고정 행의 nDCG@5는 K1과 같습니다. 차이는 그 뒤 근거에서 나며, 근거 완전과 치명 실패 열에 보입니다."
`;

exports[`fidelity detail > before the automatic comparison 1`] = `
div
  article
    header
      span
        span aria-hidden="true"
        "원문 대조 전"
      h3 "통합 정보시스템.hwp"
      p "아직 자동 대조 전입니다. CLI: python -m rfp_assistant.cli fidelity run"
`;

exports[`fidelity detail > the first finding, the print toggle, then the second finding > first finding 1`] = `
div
  article
    header
      span
        span aria-hidden="true"
        "자동 대조: 확인 필요"
      h3 "통합 정보시스템.hwp"
      dl
        div
          dt "확인할 곳"
          dd "2"
        div
          dt "전체 쪽"
          dd "12"
        div
          dt "추출에만 있는 글자"
          dd "40"
        div
          dt "인쇄본에만 있는 글자"
          dd "1,234"
      details
        summary
          "그림 포함 "
          "2"
          "쪽 · 그림 속 글자는 대조 범위 밖"
        p "3, 4"
    section aria-label="불일치 검토"
      div
        h4 "확인할 위치"
        span "한 위치씩 선택해 대조하세요"
      ol
        li
          button type="button" aria-pressed="true" aria-label="불일치 1 · 3쪽"
            span "1"
            span "3쪽"
            span
              "누락 의심"
              span "숫자 포함"
            span
              "30"
              "자"
        li
          button type="button" aria-pressed="false" aria-label="불일치 2 · 쪽 미상"
            span "2"
            span "쪽 미상"
            span "추출 차이"
            span
              "8"
              "자"
      div
        div
          h4
            "1"
            " / "
            "2"
            " · "
            "3쪽"
          button data-variant="outline" aria-expanded="false" "인쇄본 쪽 보기"
        div
          div
            p "인쇄본에만 있는 부분"
            p
              mark "누락 문구"
          dl
            dt "포함된 숫자"
            dd "12"
    form
      div
        label for="fid-note-hash-a" "메모 (선택)"
        input id="fid-note-hash-a" maxlength="300" value
      div
        button data-variant="default" type="submit" "표시된 곳을 모두 원문과 대조했습니다"
        span "대조 상태와 검토 메모가 수정 기록에 자동으로 남습니다."
`;

exports[`fidelity detail > the first finding, the print toggle, then the second finding > second finding 1`] = `
section aria-label="불일치 검토"
  div
    h4 "확인할 위치"
    span "한 위치씩 선택해 대조하세요"
  ol
    li
      button type="button" aria-pressed="false" aria-label="불일치 1 · 3쪽"
        span "1"
        span "3쪽"
        span
          "누락 의심"
          span "숫자 포함"
        span
          "30"
          "자"
    li
      button type="button" aria-pressed="true" aria-label="불일치 2 · 쪽 미상"
        span "2"
        span "쪽 미상"
        span "추출 차이"
        span
          "8"
          "자"
  div
    div
      h4
        "2"
        " / "
        "2"
        " · "
        "쪽 미상"
    div
      div
        p "추출에서 다른 부분"
        p
          mark "가 / 나"
      div
        p "추출 원문"
        blockquote "추출 원문 문단"
      p "쪽 번호를 찾지 못했습니다. 원본 파일에서 해당 문구를 확인하세요."
`;

exports[`maintenance > a run stopped at the paid embedding, with its regression rows 1`] = `
div
  div
    section aria-labelledby="maint-answer"
      div
        p "마지막 실행 M-1 · owner · 2026-10-06 09:00"
        h3 id="maint-answer" "새 청크 임베딩에서 멈춤"
        p
          "비용 승인 필요"
          " 서비스 중인 검색은 "
          "그대로입니다"
          "."
          " 외부 호출 "
          "0"
          "회."
      p
        "새 청크 임베딩에 최대 "
        "$0.1235"
        "가 듭니다. 승인은 소유자가 CLI로 합니다:"
        " "
        code
          "compare --approve "
          "E-9"
          " --approved-by 이름"
        ". 승인 뒤 다시 실행하면 앞 단계는 재사용하고 이어서 합니다."
      div
        button data-variant="default" "유지보수 실행"
        p
          "CLI의 "
          code "maintain"
          "과 같은 순서입니다. 바뀐 것이 없으면 모두 재사용하고 호출하지 않습니다. 유료 임베딩은 추정에서 멈추고, 실패한 단계에서 멈추며, 어느 경우에도 서비스 중인 검색은 바꾸지 않습니다. 백업 위치 "
          "D:/backups"
          "."
    section aria-labelledby="maint-steps"
      h3 id="maint-steps" "단계"
      ol
        li
          span "1"
          span "백업"
          span
            span
              span aria-hidden="true"
              "재사용"
          span "데이터가 그대로라 2026-10-05 23:00 백업을 씀"
        li
          span "2"
          span "복원 확인"
          span
            span
              span aria-hidden="true"
              "완료"
          span "검사 9개 통과"
        li
          span "3"
          span "매니페스트·수집"
          span
            span
              span aria-hidden="true"
              "완료"
          span "원문 100개 중 4개 추출이 바뀜: a.hwp, b.pdf, c.pdf 외 1개"
        li
          span "4"
          span "HWP 원문 대조 (바뀐 것만)"
          span
            span
              span aria-hidden="true"
              "완료"
          span "HWP 2개 대조"
        li
          span "5"
          span "키워드 색인"
          span
            span
              span aria-hidden="true"
              "완료"
          span "새 색인 ix-012345678 · 서비스 중 ix-fedcba987 (활성화 전)"
        li
          span "6"
          span "새 청크 임베딩"
          span
            span
              span aria-hidden="true"
              "비용 승인 대기"
          span "undefined · 새로 임베딩 0개 · 무료"
        li
          span "7"
          span "회귀 비교표"
          span
            span
              span aria-hidden="true"
              "완료"
          span "1행 · 검색 구성 비교의 '회귀 (유지보수)' 표 · 다시 읽은 원문 때문에 새 색인 행에서 빠진 질문 1개 (근거 재검토 필요)"
        li
          span "8"
          span "상태 보고"
          span
            span
              span aria-hidden="true"
              "대기"
          span
    section aria-labelledby="maint-regression"
      h3 id="maint-regression" "회귀 비교"
      div
        table
          caption "유지보수 회귀 비교: 서비스 중인 색인과 다시 만든 색인에서 K1과 서비스 구성"
          thead
            tr
              th scope="col" "행"
              th scope="col" "nDCG@5"
              th scope="col" "근거 완전"
              th scope="col" "nDCG@5 전체 문서"
              th scope="col" "바늘 상위 5"
              th scope="col" "치명 실패"
          tbody
            tr
              th scope="row" "K1"
              td "0.812"
              td "50.0%"
              td "-"
              td "75.0%"
              td "2"
      p "다시 만든 색인으로 바꾸려면 검색 구성 비교의 ‘회귀 (유지보수)’ 표에서 그 행을 열어 활성화하세요."
`;

exports[`maintenance > before any run, and starting one 1`] = `
div
  div
    section aria-labelledby="maint-answer"
      div
        p "아직 실행한 적 없음"
        h3 id="maint-answer" "유지보수 전"
      div
        button data-variant="default" "유지보수 실행"
        p
          "CLI의 "
          code "maintain"
          "과 같은 순서입니다. 바뀐 것이 없으면 모두 재사용하고 호출하지 않습니다. 유료 임베딩은 추정에서 멈추고, 실패한 단계에서 멈추며, 어느 경우에도 서비스 중인 검색은 바꾸지 않습니다. 백업 위치 "
          "D:/backups"
          "."
`;

exports[`second review > renders the claims and evidence, refuses without a verdict and saves one 1`] = `
div
  article
    header
      span
        span aria-hidden="true"
        "2차 검토 대기"
      h3 "사업 금액은 얼마인가요?"
      p "dev-amount-r1"
    section
      div
        h3 "필수 주장 2개"
      div
        table
          caption "필수 주장"
          thead
            tr
              th scope="col" "주장"
              th scope="col" "형식"
              th scope="col" "값"
              th scope="col" "중요도"
              th scope="col" "근거 그룹"
          tbody
            tr
              td "c1"
              td "숫자"
              td "130000000 · 원"
              td
                span
                  span aria-hidden="true"
                  "금액"
              td "g1, g2"
            tr
              td
              td "문구"
              td "부가세 포함"
              td "보통"
              td "g2"
    section
      div
        h3 "근거"
      ul
        li
          span "g1"
          "사업 금액 1억 3천만원"
        li
          span "g1"
          "-"
    form
      fieldset
        legend "원문과 대조한 결과"
        div
          label
            input type="radio" name="second-dev-amount-r1-verdict"
            "동의"
          label
            input type="radio" name="second-dev-amount-r1-verdict"
            "동의하지 않음"
      div
        label for="second-dev-amount-r1-note" "확인 내용 (원문 위치 포함)"
        textarea id="second-dev-amount-r1-note" rows="3" required
      div
        button data-variant="default" type="submit" "2차 검토 저장"
        span "결과와 메모가 수정 기록에 자동으로 남습니다."
`;

exports[`trace form > a dev question fills the form, documents are found and removed, and the trace is sent > a match 1`] = `
button type="button"
  span "도서관 좌석 예약"
  span
`;

exports[`trace form > a dev question fills the form, documents are found and removed, and the trace is sent > from a dev question 1`] = `
div
  form
    div
      label for="trace-dev" "검토된 개발 질문에서 가져오기 (선택)"
      select id="trace-dev"
        option value "직접 입력"
        option value="0"
          "dev-1"
          " · "
          "하자보수 기간은 얼마인가요?"
    div
      label for="trace-q" "질문"
      textarea id="trace-q" rows="2" placeholder="예: 하자보수 기간은 얼마인가요?" "하자보수 기간은 얼마인가요?"
    div
      div
        label for="trace-doc" "문서 (최대 2개 · 2개 고름)"
        input id="trace-doc" aria-describedby="trace-doc-hint" autocomplete="off" value disabled
        p id="trace-doc-hint" "사업명이나 기관명 일부를 입력하세요."
      ul
        li
          span
            "문서 "
            "1"
          span "통합 정보시스템 구축"
          button type="button" aria-label="통합 정보시스템 구축 빼기"
            svg xmlns="http://www.w3.org/2000/svg" width="24" height="24" viewBox="0 0 24 24" fill="none" stroke="currentColor" stroke-width="2" stroke-linecap="round" stroke-linejoin="round" aria-hidden="true"
        li
          span
            "문서 "
            "2"
          span "학사 행정 고도화"
          button type="button" aria-label="학사 행정 고도화 빼기"
            svg xmlns="http://www.w3.org/2000/svg" width="24" height="24" viewBox="0 0 24 24" fill="none" stroke="currentColor" stroke-width="2" stroke-linecap="round" stroke-linejoin="round" aria-hidden="true"
    div
      label for="trace-mode" "검색 방식"
      select id="trace-mode" aria-describedby="trace-mode-hint"
        option value="kiwi_bm25"
          "키워드(형태소 분석)"
          " (현재 운영)"
        option value="hybrid" "키워드+의미 결합"
      p id="trace-mode-hint" "의미 검색은 캐시된 질의 벡터만 씁니다(무료). 캐시에 없으면 키워드로 대체됩니다."
    button data-variant="default" type="submit" "검색만 실행 · 무료"
`;

exports[`trace run > every stage of a frozen run > stage 1 1`] = `
div
  section
    div
      h3 "수집·검수 · 문서 2개"
      span
        "사람 대조 완료 "
        "0"
        "/"
        "2"
    div
      table
        caption "수집·검수 상태"
        thead
          tr
            th scope="col" "파일"
            th scope="col" "수집"
            th scope="col" "원문 대조"
            th scope="col" "사유"
        tbody
          tr
            td "a.pdf"
            td
              span
                span aria-hidden="true"
                "수집됨"
            td
              span
                span aria-hidden="true"
                "자동 대조 통과"
            td "-"
          tr
            td "doc-bbbb"
            td
              span
                span aria-hidden="true"
                "quarantined"
            td
              span
                span aria-hidden="true"
                "원문 대조 전"
            td "broken"
`;

exports[`trace run > every stage of a frozen run > stage 2 1`] = `
div
  section
    div
      h3 "범위·분석"
    dl
      dt "검수 범위"
      dd "미검수 원문 포함"
      dt "질의 토큰"
      dd
        span "하자"
        span "보수"
        span "기간"
      dt "요구사항 코드"
      dd "SFR-001"
`;

exports[`trace run > every stage of a frozen run > stage 3 1`] = `
div
  section
    div
      h3 "채널 순위 · 후보 2개"
    dl
      div
        dt "요청 방식"
        dd "키워드+의미 결합"
      div
        dt "실제 방식"
        dd "키워드(형태소 분석)"
      div
        dt "대체 실행"
        dd "query vector not cached"
      div
        dt "검색 소요"
        dd "37 ms"
    p "점수는 채널 내 순위용 값입니다. 답변 신뢰도가 아닙니다."
    div
      table
        caption "채널 순위"
        thead
          tr
            th scope="col" "채널"
            th scope="col" "순위"
            th scope="col" "점수"
            th scope="col" "조각"
        tbody
          tr
            td "bm25"
            td "1"
            td "7.5"
            td "chunk-012345"
          tr
            td "dense"
            td "2"
            td "-"
            td "chunk-fedcba"
  details
    summary
      svg xmlns="http://www.w3.org/2000/svg" width="24" height="24" viewBox="0 0 24 24" fill="none" stroke="currentColor" stroke-width="2" stroke-linecap="round" stroke-linejoin="round" aria-hidden="true"
      "제외된 후보 1개"
    div
      div
        table
          caption "제외된 후보"
          thead
            tr
              th scope="col" "조각"
              th scope="col" "사유"
          tbody
            tr
              td "chunk-aaaaaa"
              td "토큰 한도"
`;

exports[`trace run > every stage of a frozen run > stage 4 1`] = `
article
  header
    h3 "하자보수 기간은?"
    dl
      div
        dt "실행 시각"
        dd "2026-10-06 10:11"
      div
        dt "실행자"
        dd "verifier"
      div
        dt "기준일"
        dd "2024-05-01"
    dl
      dt "문서 범위"
      dd
        span
          "1"
          "."
        span "a.pdf"
      dd
        span
          "2"
          "."
        span "doc-bbbbbbbb"
  ol aria-label="검색 단계"
    li
      button type="button" aria-pressed="false"
        span
          "1"
          ". "
          "수집·검수"
        span "1/2 수집"
    li
      button type="button" aria-pressed="false"
        span
          "2"
          ". "
          "범위·분석"
        span "3개 토큰"
    li
      button type="button" aria-pressed="false"
        span
          "3"
          ". "
          "채널 순위"
        span "2개 후보"
    li
      button type="button" aria-pressed="true"
        span
          "4"
          ". "
          "선택된 근거"
        span "1개 근거"
    li
      button type="button" aria-pressed="false"
        span
          "5"
          ". "
          "답변 생성"
        span "유료 · 별도 실행"
  section
    div
      h3 "선택된 근거 1개"
      span
        span aria-hidden="true"
        "제한 사항 "
        "2"
        "건"
    details
      summary
        "검색 제한 "
        "2"
        "건 보기"
      div
        table
          caption "검색 제한"
          thead
            tr
              th scope="col" "대상"
              th scope="col" "제한 사항"
          tbody
            tr
              td "a.pdf"
              td "요구사항 코드 없음 (SFR-001)"
            tr
              td "전체 검색"
              td "전체 색인을 기준으로 단어 중요도 계산"
    dl
      div
        dt
          "문서 "
          "1"
          " · 근거 "
          "2"
          "개"
        dd "a.pdf"
      div
        dt
          "문서 "
          "2"
          " · 근거 "
          "0"
          "개"
        dd
          "파일명 없음"
          " · 근거 없음"
    ol
      li
        details
          summary
            span
              span "E1"
              span
                "문서 1"
                " · "
                "12쪽"
              span
                "20"
                "토큰 · 원문 펼치기"
            span "하자보수 기간은 12개월로 한다."
          div
            p "PDF 12쪽 · 제3장"
            blockquote "하자보수 기간은 12개월로 한다."
            details
              summary "근거 식별 정보"
              dl
                div
                  dt "조각"
                  dd "chunk-0123456789abcdef"
                div
                  dt "추출"
                  dd "x1"
                div
                  dt "요소"
                  dd "e1, e2"
  div
  details
    summary "실행 식별 정보·내보내기"
    dl
      div
        dt "실행"
        dd "T-1"
      div
        dt "설정"
        dd "cfg-1"
      div
        dt "색인"
        dd "ix-1"
    div
      a href="/api/verify/traces/T-1/export" download="T-1.json" data-variant="outline"
        svg xmlns="http://www.w3.org/2000/svg" width="24" height="24" viewBox="0 0 24 24" fill="none" stroke="currentColor" stroke-width="2" stroke-linecap="round" stroke-linejoin="round" aria-hidden="true"
        "실행 내보내기 (JSON)"
  div hidden
    section aria-label="답변 생성"
      div
        h3
          "5. 답변 생성 "
          span "유료"
        span
          "최대 예상 "
          "$0.0031"
      dl
        div
          dt "고정 근거"
          dd "1개"
        div
          dt "입력 추정"
          dd "900토큰"
        div
          dt "기준일"
          dd "2024-05-01"
        div
          dt "실행 횟수"
          dd "1회 · 재검색 없음"
      div
        label
          input type="checkbox"
          "이 범위로 유료 답변 생성을 1회 실행합니다"
        button data-variant="default" disabled "유료 답변 생성"
`;
